// Jest Snapshot v1, https://goo.gl/fbAQLP

exports[`<LoginForm/> SNAPSHOT 1`] = `
<div
  className="MuiPaper-root MuiPaper-elevation1 MuiPaper-rounded"
  id="login-card"
>
  <form
    onSubmit={[Function]}
  >
    <div
      className="MuiGrid-root"
    >
      <div
        className="logo"
      >
        <div />
      </div>
    </div>
    <div
      className="MuiGrid-root MuiGrid-container"
      id="login-form"
    >
      <div
        className="MuiGrid-root raw MuiGrid-container"
      />
      <div
        className="MuiGrid-root raw MuiGrid-container"
      >
        <div
          className="MuiFormControl-root MuiTextField-root MuiFormControl-fullWidth"
        >
          <label
            className="MuiFormLabel-root MuiInputLabel-root MuiInputLabel-formControl MuiInputLabel-animated"
            data-shrink={false}
          >
            Adresse e-mail
          </label>
          <div
            className="MuiInputBase-root MuiInput-root MuiInput-underline MuiInputBase-fullWidth MuiInput-fullWidth MuiInputBase-formControl MuiInput-formControl"
            onClick={[Function]}
          >
            <input
              aria-invalid={false}
              autoFocus={false}
              className="MuiInputBase-input MuiInput-input"
              disabled={false}
              onAnimationStart={[Function]}
              onBlur={[Function]}
              onChange={[Function]}
              onFocus={[Function]}
              required={false}
              type="text"
              value=""
            />
          </div>
        </div>
      </div>
      <div
        className="MuiGrid-root raw MuiGrid-container"
      >
        <div
          className="MuiFormControl-root MuiTextField-root MuiFormControl-fullWidth"
        >
          <label
            className="MuiFormLabel-root MuiInputLabel-root MuiInputLabel-formControl MuiInputLabel-animated"
            data-shrink={false}
          >
            Mot de passe
          </label>
          <div
            className="MuiInputBase-root MuiInput-root MuiInput-underline MuiInputBase-fullWidth MuiInput-fullWidth MuiInputBase-formControl MuiInput-formControl MuiInputBase-adornedEnd"
            onClick={[Function]}
          >
            <input
              aria-invalid={false}
              autoFocus={false}
              className="MuiInputBase-input MuiInput-input MuiInputBase-inputAdornedEnd"
              disabled={false}
              onAnimationStart={[Function]}
              onBlur={[Function]}
              onChange={[Function]}
              onFocus={[Function]}
              required={false}
              type="password"
              value=""
            />
            <div
              className="MuiInputAdornment-root MuiInputAdornment-positionEnd"
            >
              <button
                aria-label="toggle password visibility"
                className="MuiButtonBase-root MuiIconButton-root"
                disabled={false}
                onBlur={[Function]}
                onClick={[Function]}
                onDragLeave={[Function]}
                onFocus={[Function]}
                onKeyDown={[Function]}
                onKeyUp={[Function]}
                onMouseDown={[Function]}
                onMouseLeave={[Function]}
                onMouseUp={[Function]}
                onTouchEnd={[Function]}
                onTouchMove={[Function]}
                onTouchStart={[Function]}
                tabIndex={0}
                type="button"
              >
                <span
                  className="MuiIconButton-label"
                >
                  <svg
                    aria-hidden={true}
                    className="MuiSvgIcon-root"
                    focusable="false"
                    viewBox="0 0 24 24"
                  >
                    <path
                      d="M12 7c2.76 0 5 2.24 5 5 0 .65-.13 1.26-.36 1.83l2.92 2.92c1.51-1.26 2.7-2.89 3.43-4.75-1.73-4.39-6-7.5-11-7.5-1.4 0-2.74.25-3.98.7l2.16 2.16C10.74 7.13 11.35 7 12 7zM2 4.27l2.28 2.28.46.46C3.08 8.3 1.78 10.02 1 12c1.73 4.39 6 7.5 11 7.5 1.55 0 3.03-.3 4.38-.84l.42.42L19.73 22 21 20.73 3.27 3 2 4.27zM7.53 9.8l1.55 1.55c-.05.21-.08.43-.08.65 0 1.66 1.34 3 3 3 .22 0 .44-.03.65-.08l1.55 1.55c-.67.33-1.41.53-2.2.53-2.76 0-5-2.24-5-5 0-.79.2-1.53.53-2.2zm4.31-.78l3.15 3.15.02-.16c0-1.66-1.34-3-3-3l-.17.01z"
                    />
                  </svg>
                </span>
              </button>
            </div>
          </div>
        </div>
      </div>
      <div
        className="MuiGrid-root raw MuiGrid-container"
      >
        <div
          className="m-auto"
        >
          <button
            className="MuiButtonBase-root MuiButton-root MuiButton-text MuiButton-textSizeSmall MuiButton-sizeSmall"
            disabled={false}
            onBlur={[Function]}
            onDragLeave={[Function]}
            onFocus={[Function]}
            onKeyDown={[Function]}
            onKeyUp={[Function]}
            onMouseDown={[Function]}
            onMouseLeave={[Function]}
            onMouseUp={[Function]}
            onTouchEnd={[Function]}
            onTouchMove={[Function]}
            onTouchStart={[Function]}
            tabIndex={0}
            type="submit"
          >
            <span
              className="MuiButton-label"
            >
              Connexion
            </span>
          </button>
        </div>
      </div>
      <div
        className="MuiGrid-root raw MuiGrid-container"
      >
        <div
          className="m-auto"
        >
          <button
            className="MuiButtonBase-root MuiButton-root MuiButton-text MuiButton-textSizeSmall MuiButton-sizeSmall"
            disabled={false}
            onBlur={[Function]}
            onDragLeave={[Function]}
            onFocus={[Function]}
            onKeyDown={[Function]}
            onKeyUp={[Function]}
            onMouseDown={[Function]}
            onMouseLeave={[Function]}
            onMouseUp={[Function]}
            onTouchEnd={[Function]}
            onTouchMove={[Function]}
            onTouchStart={[Function]}
            tabIndex={0}
            type="button"
          >
            <span
              className="MuiButton-label"
            >
              Mot de passe oubli√©
            </span>
          </button>
        </div>
      </div>
    </div>
  </form>
</div>
`;
