// Jest Snapshot v1, https://goo.gl/fbAQLP

exports[`<Dashboard/> SNAPSHOT 1`] = `
<div
  className="container"
>
  <h1
    className="jsx-3144720010"
  >
    Dashboard
  </h1>
</div>
`;
